---
source: cargo-public-api/tests/cargo-public-api-bin-tests.rs
expression: stdout
---
pub mod lint_error
pub use lint_error::example_api
pub struct lint_error::MissingDocs
